// Jest Snapshot v1, https://goo.gl/fbAQLP

exports[`Enzyme tests should render Footer according to snapshot 1`] = `
<Footer>
  <Footer__Wrapper>
    <StyledComponent
      forwardedComponent={
        Object {
          "$$typeof": Symbol(react.forward_ref),
          "attrs": Array [],
          "componentStyle": ComponentStyle {
            "componentId": "Footer__Wrapper-sc-1so89p3-0",
            "isStatic": true,
            "lastClassName": "giKWMg",
            "rules": Array [
              "margin-top:3rem;",
            ],
          },
          "displayName": "Footer__Wrapper",
          "foldedComponentIds": Array [],
          "render": [Function],
          "styledComponentId": "Footer__Wrapper-sc-1so89p3-0",
          "target": "footer",
          "toString": [Function],
          "warnTooManyClasses": [Function],
          "withComponent": [Function],
        }
      }
      forwardedRef={null}
    >
      <footer
        className="Footer__Wrapper-sc-1so89p3-0 giKWMg"
      >
        <p
          data-testid="copyright"
        >
          Â© 2019
        </p>
      </footer>
    </StyledComponent>
  </Footer__Wrapper>
</Footer>
`;
