// Jest Snapshot v1, https://goo.gl/fbAQLP

exports[`Enzyme tests should render Index according to snapshot 1`] = `
<Index>
  <Layout>
    <layoutstyled__StyledContainer>
      <StyledComponent
        forwardedComponent={
          Object {
            "$$typeof": Symbol(react.forward_ref),
            "attrs": Array [],
            "componentStyle": ComponentStyle {
              "componentId": "layoutstyled__StyledContainer-sc-1k1otu5-0",
              "isStatic": true,
              "lastClassName": "iVCOlw",
              "rules": Array [
                "margin:0 auto;max-width:750px;padding:1rem;display:flex;flex-direction:column;min-height:100vh;",
              ],
            },
            "displayName": "layoutstyled__StyledContainer",
            "foldedComponentIds": Array [],
            "render": [Function],
            "styledComponentId": "layoutstyled__StyledContainer-sc-1k1otu5-0",
            "target": "div",
            "toString": [Function],
            "warnTooManyClasses": [Function],
            "withComponent": [Function],
          }
        }
        forwardedRef={null}
      >
        <div
          className="layoutstyled__StyledContainer-sc-1k1otu5-0 iVCOlw"
        >
          <GlobalStyleComponent />
          <layoutstyled__StyledContent>
            <StyledComponent
              forwardedComponent={
                Object {
                  "$$typeof": Symbol(react.forward_ref),
                  "attrs": Array [],
                  "componentStyle": ComponentStyle {
                    "componentId": "layoutstyled__StyledContent-sc-1k1otu5-1",
                    "isStatic": true,
                    "lastClassName": "jTWviK",
                    "rules": Array [
                      "flex-grow:1;",
                    ],
                  },
                  "displayName": "layoutstyled__StyledContent",
                  "foldedComponentIds": Array [],
                  "render": [Function],
                  "styledComponentId": "layoutstyled__StyledContent-sc-1k1otu5-1",
                  "target": "div",
                  "toString": [Function],
                  "warnTooManyClasses": [Function],
                  "withComponent": [Function],
                }
              }
              forwardedRef={null}
            >
              <div
                className="layoutstyled__StyledContent-sc-1k1otu5-1 jTWviK"
              >
                <Header>
                  <Header__Wrapper>
                    <StyledComponent
                      forwardedComponent={
                        Object {
                          "$$typeof": Symbol(react.forward_ref),
                          "attrs": Array [],
                          "componentStyle": ComponentStyle {
                            "componentId": "Header__Wrapper-sc-1hago8x-0",
                            "isStatic": true,
                            "lastClassName": "cBQqfg",
                            "rules": Array [
                              "padding:1rem 0 3rem;",
                            ],
                          },
                          "displayName": "Header__Wrapper",
                          "foldedComponentIds": Array [],
                          "render": [Function],
                          "styledComponentId": "Header__Wrapper-sc-1hago8x-0",
                          "target": "header",
                          "toString": [Function],
                          "warnTooManyClasses": [Function],
                          "withComponent": [Function],
                        }
                      }
                      forwardedRef={null}
                    >
                      <header
                        className="Header__Wrapper-sc-1hago8x-0 cBQqfg"
                      >
                        <Header__Title
                          data-testid="title"
                        >
                          <StyledComponent
                            data-testid="title"
                            forwardedComponent={
                              Object {
                                "$$typeof": Symbol(react.forward_ref),
                                "attrs": Array [],
                                "componentStyle": ComponentStyle {
                                  "componentId": "Header__Title-sc-1hago8x-1",
                                  "isStatic": true,
                                  "lastClassName": "flkuHf",
                                  "rules": Array [
                                    "color:#000000;font-size:3rem;text-decoration:none;",
                                  ],
                                },
                                "displayName": "Header__Title",
                                "foldedComponentIds": Array [],
                                "render": [Function],
                                "styledComponentId": "Header__Title-sc-1hago8x-1",
                                "target": "h1",
                                "toString": [Function],
                                "warnTooManyClasses": [Function],
                                "withComponent": [Function],
                              }
                            }
                            forwardedRef={null}
                          >
                            <h1
                              className="Header__Title-sc-1hago8x-1 flkuHf"
                              data-testid="title"
                            >
                              Coding test with Nextjs
                            </h1>
                          </StyledComponent>
                        </Header__Title>
                        <nav>
                          <Header__NavList>
                            <StyledComponent
                              forwardedComponent={
                                Object {
                                  "$$typeof": Symbol(react.forward_ref),
                                  "attrs": Array [],
                                  "componentStyle": ComponentStyle {
                                    "componentId": "Header__NavList-sc-1hago8x-2",
                                    "isStatic": true,
                                    "lastClassName": "esosuA",
                                    "rules": Array [
                                      "display:flex;list-style-type:none;margin:0;",
                                    ],
                                  },
                                  "displayName": "Header__NavList",
                                  "foldedComponentIds": Array [],
                                  "render": [Function],
                                  "styledComponentId": "Header__NavList-sc-1hago8x-2",
                                  "target": "ul",
                                  "toString": [Function],
                                  "warnTooManyClasses": [Function],
                                  "withComponent": [Function],
                                }
                              }
                              forwardedRef={null}
                            >
                              <ul
                                className="Header__NavList-sc-1hago8x-2 esosuA"
                              >
                                <li
                                  data-testid="navlink"
                                >
                                  <Link
                                    href="/"
                                    prefetch={true}
                                  >
                                    <Header__NavItem
                                      onClick={[Function]}
                                      onMouseEnter={[Function]}
                                    >
                                      <StyledComponent
                                        forwardedComponent={
                                          Object {
                                            "$$typeof": Symbol(react.forward_ref),
                                            "attrs": Array [],
                                            "componentStyle": ComponentStyle {
                                              "componentId": "Header__NavItem-sc-1hago8x-3",
                                              "isStatic": true,
                                              "lastClassName": "zqvkG",
                                              "rules": Array [
                                                "color:#999;font-size:0.9rem;margin-right:1.3rem;text-decoration:none;cursor:pointer;&:hover{color:#666;}&:active{color:#333;}",
                                              ],
                                            },
                                            "displayName": "Header__NavItem",
                                            "foldedComponentIds": Array [],
                                            "render": [Function],
                                            "styledComponentId": "Header__NavItem-sc-1hago8x-3",
                                            "target": "a",
                                            "toString": [Function],
                                            "warnTooManyClasses": [Function],
                                            "withComponent": [Function],
                                          }
                                        }
                                        forwardedRef={[Function]}
                                        onClick={[Function]}
                                        onMouseEnter={[Function]}
                                      >
                                        <a
                                          className="Header__NavItem-sc-1hago8x-3 zqvkG"
                                          onClick={[Function]}
                                          onMouseEnter={[Function]}
                                        >
                                          Home
                                        </a>
                                      </StyledComponent>
                                    </Header__NavItem>
                                  </Link>
                                </li>
                                <li
                                  data-testid="navlink"
                                >
                                  <Link
                                    href="/blog"
                                    prefetch={true}
                                  >
                                    <Header__NavItem
                                      onClick={[Function]}
                                      onMouseEnter={[Function]}
                                    >
                                      <StyledComponent
                                        forwardedComponent={
                                          Object {
                                            "$$typeof": Symbol(react.forward_ref),
                                            "attrs": Array [],
                                            "componentStyle": ComponentStyle {
                                              "componentId": "Header__NavItem-sc-1hago8x-3",
                                              "isStatic": true,
                                              "lastClassName": "zqvkG",
                                              "rules": Array [
                                                "color:#999;font-size:0.9rem;margin-right:1.3rem;text-decoration:none;cursor:pointer;&:hover{color:#666;}&:active{color:#333;}",
                                              ],
                                            },
                                            "displayName": "Header__NavItem",
                                            "foldedComponentIds": Array [],
                                            "render": [Function],
                                            "styledComponentId": "Header__NavItem-sc-1hago8x-3",
                                            "target": "a",
                                            "toString": [Function],
                                            "warnTooManyClasses": [Function],
                                            "withComponent": [Function],
                                          }
                                        }
                                        forwardedRef={[Function]}
                                        onClick={[Function]}
                                        onMouseEnter={[Function]}
                                      >
                                        <a
                                          className="Header__NavItem-sc-1hago8x-3 zqvkG"
                                          onClick={[Function]}
                                          onMouseEnter={[Function]}
                                        >
                                          Blog
                                        </a>
                                      </StyledComponent>
                                    </Header__NavItem>
                                  </Link>
                                </li>
                                <li
                                  data-testid="navlink"
                                >
                                  <Link
                                    href="/about"
                                    prefetch={true}
                                  >
                                    <Header__NavItem
                                      onClick={[Function]}
                                      onMouseEnter={[Function]}
                                    >
                                      <StyledComponent
                                        forwardedComponent={
                                          Object {
                                            "$$typeof": Symbol(react.forward_ref),
                                            "attrs": Array [],
                                            "componentStyle": ComponentStyle {
                                              "componentId": "Header__NavItem-sc-1hago8x-3",
                                              "isStatic": true,
                                              "lastClassName": "zqvkG",
                                              "rules": Array [
                                                "color:#999;font-size:0.9rem;margin-right:1.3rem;text-decoration:none;cursor:pointer;&:hover{color:#666;}&:active{color:#333;}",
                                              ],
                                            },
                                            "displayName": "Header__NavItem",
                                            "foldedComponentIds": Array [],
                                            "render": [Function],
                                            "styledComponentId": "Header__NavItem-sc-1hago8x-3",
                                            "target": "a",
                                            "toString": [Function],
                                            "warnTooManyClasses": [Function],
                                            "withComponent": [Function],
                                          }
                                        }
                                        forwardedRef={[Function]}
                                        onClick={[Function]}
                                        onMouseEnter={[Function]}
                                      >
                                        <a
                                          className="Header__NavItem-sc-1hago8x-3 zqvkG"
                                          onClick={[Function]}
                                          onMouseEnter={[Function]}
                                        >
                                          About
                                        </a>
                                      </StyledComponent>
                                    </Header__NavItem>
                                  </Link>
                                </li>
                              </ul>
                            </StyledComponent>
                          </Header__NavList>
                        </nav>
                      </header>
                    </StyledComponent>
                  </Header__Wrapper>
                </Header>
                <h1
                  data-testid="page-title"
                >
                  Home page
                </h1>
                <p
                  data-testid="text"
                >
                  Welcome to your coding test 💻 Your tasks will be to:
                </p>
                <ul>
                  <li>
                    Create a new page that you will call "Blog"
                  </li>
                  <li>
                    Fetch all the blog posts from the following API: https://upply-interview.herokuapp.com/
                  </li>
                  <li>
                    Display all blog posts in the blog page (title, text, image and date when they are available). The posts will have to be sorted by date
                  </li>
                  <li>
                    I'll we a plus if articles are SEO friendly (render by the server side)
                  </li>
                  <li>
                    Implement a search bar to filter the articles by their names
                  </li>
                  <li>
                    Implement a select to choose the sorting by desc or asc
                  </li>
                  <li>
                    Add whatever you think should be added. But don't forget to tell us what and why
                  </li>
                </ul>
                <p>
                  Feel free to add some styling.
                </p>
                <p>
                  Note that the image of each blog is served by the API. The key "src" of each post indicates the endpoint on the API
                </p>
                <p>
                  Example: "src: 'mypicture.png' means that the picture source is https://upply-interview.herokuapp.com/images/mypicture.png
                </p>
                <p>
                  Once you are done. Please send us back the url of your repository
                </p>
                <p>
                  See you soon!
                </p>
              </div>
            </StyledComponent>
          </layoutstyled__StyledContent>
          <Footer>
            <Footer__Wrapper>
              <StyledComponent
                forwardedComponent={
                  Object {
                    "$$typeof": Symbol(react.forward_ref),
                    "attrs": Array [],
                    "componentStyle": ComponentStyle {
                      "componentId": "Footer__Wrapper-sc-1so89p3-0",
                      "isStatic": true,
                      "lastClassName": "giKWMg",
                      "rules": Array [
                        "margin-top:3rem;",
                      ],
                    },
                    "displayName": "Footer__Wrapper",
                    "foldedComponentIds": Array [],
                    "render": [Function],
                    "styledComponentId": "Footer__Wrapper-sc-1so89p3-0",
                    "target": "footer",
                    "toString": [Function],
                    "warnTooManyClasses": [Function],
                    "withComponent": [Function],
                  }
                }
                forwardedRef={null}
              >
                <footer
                  className="Footer__Wrapper-sc-1so89p3-0 giKWMg"
                >
                  <p
                    data-testid="copyright"
                  >
                    © 2019
                  </p>
                </footer>
              </StyledComponent>
            </Footer__Wrapper>
          </Footer>
        </div>
      </StyledComponent>
    </layoutstyled__StyledContainer>
  </Layout>
</Index>
`;
